// Jest Snapshot v1, https://goo.gl/fbAQLP

exports[`fixture tests works as expected 1`] = `<w:document xmlns:wpc="http://schemas.microsoft.com/office/word/2010/wordprocessingCanvas" xmlns:cx="http://schemas.microsoft.com/office/drawing/2014/chartex" xmlns:cx1="http://schemas.microsoft.com/office/drawing/2015/9/8/chartex" xmlns:cx2="http://schemas.microsoft.com/office/drawing/2015/10/21/chartex" xmlns:cx3="http://schemas.microsoft.com/office/drawing/2016/5/9/chartex" xmlns:cx4="http://schemas.microsoft.com/office/drawing/2016/5/10/chartex" xmlns:cx5="http://schemas.microsoft.com/office/drawing/2016/5/11/chartex" xmlns:cx6="http://schemas.microsoft.com/office/drawing/2016/5/12/chartex" xmlns:cx7="http://schemas.microsoft.com/office/drawing/2016/5/13/chartex" xmlns:cx8="http://schemas.microsoft.com/office/drawing/2016/5/14/chartex" xmlns:mc="http://schemas.openxmlformats.org/markup-compatibility/2006" xmlns:aink="http://schemas.microsoft.com/office/drawing/2016/ink" xmlns:am3d="http://schemas.microsoft.com/office/drawing/2017/model3d" xmlns:o="urn:schemas-microsoft-com:office:office" xmlns:r="http://schemas.openxmlformats.org/officeDocument/2006/relationships" xmlns:m="http://schemas.openxmlformats.org/officeDocument/2006/math" xmlns:v="urn:schemas-microsoft-com:vml" xmlns:wp14="http://schemas.microsoft.com/office/word/2010/wordprocessingDrawing" xmlns:wp="http://schemas.openxmlformats.org/drawingml/2006/wordprocessingDrawing" xmlns:w10="urn:schemas-microsoft-com:office:word" xmlns:w="http://schemas.openxmlformats.org/wordprocessingml/2006/main" xmlns:w14="http://schemas.microsoft.com/office/word/2010/wordml" xmlns:w15="http://schemas.microsoft.com/office/word/2012/wordml" xmlns:w16cex="http://schemas.microsoft.com/office/word/2018/wordml/cex" xmlns:w16cid="http://schemas.microsoft.com/office/word/2016/wordml/cid" xmlns:w16="http://schemas.microsoft.com/office/word/2018/wordml" xmlns:w16se="http://schemas.microsoft.com/office/word/2015/wordml/symex" xmlns:wpg="http://schemas.microsoft.com/office/word/2010/wordprocessingGroup" xmlns:wpi="http://schemas.microsoft.com/office/word/2010/wordprocessingInk" xmlns:wne="http://schemas.microsoft.com/office/word/2006/wordml" xmlns:wps="http://schemas.microsoft.com/office/word/2010/wordprocessingShape" mc:Ignorable="w14 w15 w16se w16cid w16 w16cex wp14"><w:body><w:p w14:paraId="2C0EFBFA" w14:textId="302A3746" w:rsidR="0005473B" w:rsidRDefault="007824CF"><w:pPr><w:rPr><w:lang w:val="en-US"/></w:rPr></w:pPr><w:r w:rsidR="00476B45"><w:rPr><w:lang w:val="en-US"/></w:rPr></w:r><w:r><w:rPr><w:lang w:val="en-US"/></w:rPr></w:r><w:r w:rsidR="00695252"><w:rPr><w:lang w:val="en-US"/></w:rPr></w:r><w:r><w:rPr><w:lang w:val="en-US"/></w:rPr></w:r></w:p><w:p w14:paraId="765DFE25" w14:textId="7F8B3443" w:rsidR="007824CF" w:rsidRDefault="007824CF"><w:pPr><w:rPr><w:lang w:val="en-US"/></w:rPr></w:pPr><w:r w:rsidR="00695252"><w:rPr><w:lang w:val="en-US"/></w:rPr></w:r><w:r w:rsidR="00935F47"><w:rPr><w:lang w:val="en-US"/></w:rPr></w:r><w:r><w:rPr><w:lang w:val="en-US"/></w:rPr></w:r><w:r w:rsidR="00695252"><w:rPr><w:lang w:val="en-US"/></w:rPr></w:r><w:r><w:rPr><w:lang w:val="en-US"/></w:rPr></w:r></w:p><w:p w14:paraId="5A15DE06" w14:textId="77777777" w:rsidR="00695252" w:rsidRDefault="00695252"><w:pPr><w:rPr><w:lang w:val="en-US"/></w:rPr></w:pPr><w:r w:rsidRPr="00695252"><w:rPr><w:lang w:val="en-US"/></w:rPr><w:t xml:space="preserve">BLA</w:t></w:r></w:p><w:p w14:paraId="27AC477B" w14:textId="2C552915" w:rsidR="007824CF" w:rsidRDefault="007824CF"><w:pPr><w:rPr><w:lang w:val="en-US"/></w:rPr></w:pPr></w:p><w:p w14:paraId="00F1E240" w14:textId="00295242" w:rsidR="007824CF" w:rsidRDefault="007824CF" w:rsidP="007824CF"><w:pPr><w:rPr><w:lang w:val="en-US"/></w:rPr></w:pPr></w:p><w:p w14:paraId="193F9BCE" w14:textId="39E7FA17" w:rsidR="006E722B" w:rsidRDefault="006E722B" w:rsidP="00F13143"><w:pPr><w:rPr><w:lang w:val="en-US"/></w:rPr></w:pPr><w:r><w:rPr><w:lang w:val="en-US"/></w:rPr><w:t>----</w:t></w:r></w:p><w:p w14:paraId="79276D44" w14:textId="4F382710" w:rsidR="007824CF" w:rsidRPr="007824CF" w:rsidRDefault="007824CF"><w:pPr><w:rPr><w:lang w:val="en-US"/></w:rPr></w:pPr><w:r w:rsidR="00476B45"><w:rPr><w:lang w:val="en-US"/></w:rPr></w:r><w:r><w:rPr><w:lang w:val="en-US"/></w:rPr></w:r><w:r w:rsidR="00695252"><w:rPr><w:lang w:val="en-US"/></w:rPr></w:r><w:r><w:rPr><w:lang w:val="en-US"/></w:rPr></w:r></w:p><w:p w14:paraId="765DFE25" w14:textId="7F8B3443" w:rsidR="007824CF" w:rsidRDefault="007824CF"><w:pPr><w:rPr><w:lang w:val="en-US"/></w:rPr></w:pPr></w:p><w:p w14:paraId="00F1E240" w14:textId="00295242" w:rsidR="007824CF" w:rsidRDefault="007824CF" w:rsidP="007824CF"><w:pPr><w:rPr><w:lang w:val="en-US"/></w:rPr></w:pPr><w:r w:rsidR="00695252"><w:rPr><w:lang w:val="en-US"/></w:rPr></w:r><w:r w:rsidR="00935F47"><w:rPr><w:lang w:val="en-US"/></w:rPr></w:r><w:r><w:rPr><w:lang w:val="en-US"/></w:rPr></w:r><w:r w:rsidR="00695252"><w:rPr><w:lang w:val="en-US"/></w:rPr></w:r><w:r><w:rPr><w:lang w:val="en-US"/></w:rPr></w:r></w:p><w:p w14:paraId="4C17C315" w14:textId="51A581D6" w:rsidR="00695252" w:rsidRDefault="00695252" w:rsidP="00695252"><w:pPr><w:rPr><w:lang w:val="en-US"/></w:rPr></w:pPr><w:r w:rsidRPr="00695252"><w:rPr><w:lang w:val="en-US"/></w:rPr><w:t xml:space="preserve">some</w:t></w:r><w:r><w:rPr><w:lang w:val="en-US"/></w:rPr></w:r><w:r w:rsidRPr="00695252"><w:rPr><w:lang w:val="en-US"/></w:rPr></w:r></w:p><w:p w14:paraId="306F6BD7" w14:textId="77777777" w:rsidR="007824CF" w:rsidRDefault="007824CF" w:rsidP="007824CF"><w:pPr><w:rPr><w:lang w:val="en-US"/></w:rPr></w:pPr></w:p><w:p w14:paraId="193F9BCE" w14:textId="39E7FA17" w:rsidR="006E722B" w:rsidRDefault="006E722B" w:rsidP="00F13143"><w:pPr><w:rPr><w:lang w:val="en-US"/></w:rPr></w:pPr><w:r><w:rPr><w:lang w:val="en-US"/></w:rPr><w:t>----</w:t></w:r></w:p><w:p w14:paraId="79276D44" w14:textId="4F382710" w:rsidR="007824CF" w:rsidRPr="007824CF" w:rsidRDefault="007824CF"><w:pPr><w:rPr><w:lang w:val="en-US"/></w:rPr></w:pPr></w:p><w:sectPr w:rsidR="007824CF" w:rsidRPr="007824CF"><w:pgSz w:w="11906" w:h="16838"/><w:pgMar w:top="1440" w:right="1440" w:bottom="1440" w:left="1440" w:header="708" w:footer="708" w:gutter="0"/><w:cols w:space="708"/><w:docGrid w:linePitch="360"/></w:sectPr></w:body></w:document>`;
